2020/04/11 08:51:52 [error] 5648#13120: *1 CreateFile() "C:\Program Files\nginx-1.16.1/html/favicon.ico" failed (2: The system cannot find the file specified), client: 127.0.0.1, server: localhost, request: "GET /favicon.ico HTTP/1.1", host: "localhost", referrer: "http://localhost/"
2020/04/11 09:11:53 [notice] 1932#9308: signal process started
2020/04/11 09:46:54 [notice] 14824#5336: signal process started
2020/04/11 09:47:34 [error] 13772#13160: *4 CreateFile() "C:/IIS/images/asdf.png" failed (2: The system cannot find the file specified), client: 127.0.0.1, server: , request: "GET /images/asdf.png HTTP/1.1", host: "localhost"
2020/04/11 09:47:44 [error] 13772#13160: *4 CreateFile() "C:/IIS/www/asdf" failed (2: The system cannot find the file specified), client: 127.0.0.1, server: , request: "GET /asdf HTTP/1.1", host: "localhost"
2020/04/11 10:02:12 [notice] 14792#14788: signal process started
2020/04/11 10:15:00 [error] 14772#6068: *9 connect() failed (10061: No connection could be made because the target machine actively refused it) while connecting to upstream, client: 127.0.0.1, server: , request: "GET / HTTP/1.1", upstream: "http://[::1]:8080/", host: "localhost"
2020/04/11 10:15:15 [notice] 8528#4268: signal process started
2020/04/11 10:15:25 [error] 6956#8548: *16 CreateFile() "C:/IIS/up1/favicon.ico" failed (2: The system cannot find the file specified), client: 127.0.0.1, server: , request: "GET /favicon.ico HTTP/1.1", host: "localhost:8080", referrer: "http://localhost:8080/"
2020/04/11 10:19:48 [emerg] 15212#7704: "server" directive is not allowed here in C:\Program Files\nginx-1.16.1/conf/nginx.conf:46
2020/04/11 10:20:08 [notice] 1228#14024: signal process started
2020/04/11 10:20:17 [error] 14376#11660: *21 connect() failed (10061: No connection could be made because the target machine actively refused it) while connecting to upstream, client: 127.0.0.1, server: , request: "GET / HTTP/1.1", upstream: "fastcgi://[::1]:9000", host: "localhost"
2020/04/11 10:20:18 [error] 14376#11660: *21 connect() failed (10061: No connection could be made because the target machine actively refused it) while connecting to upstream, client: 127.0.0.1, server: , request: "GET / HTTP/1.1", upstream: "fastcgi://127.0.0.1:9000", host: "localhost"
2020/04/11 10:20:21 [error] 14376#11660: *21 no live upstreams while connecting to upstream, client: 127.0.0.1, server: , request: "GET / HTTP/1.1", upstream: "fastcgi://localhost", host: "localhost"
2020/04/11 10:20:38 [notice] 14700#2400: signal process started
2020/04/11 18:35:27 [error] 10092#7960: *29 connect() failed (10061: No connection could be made because the target machine actively refused it) while connecting to upstream, client: 192.168.1.24, server: , request: "GET / HTTP/1.1", upstream: "fastcgi://[::1]:9000", host: "192.168.1.24"
2020/04/11 18:35:28 [error] 10092#7960: *29 connect() failed (10061: No connection could be made because the target machine actively refused it) while connecting to upstream, client: 192.168.1.24, server: , request: "GET / HTTP/1.1", upstream: "fastcgi://127.0.0.1:9000", host: "192.168.1.24"
2020/04/11 18:35:36 [error] 10092#7960: *33 no live upstreams while connecting to upstream, client: 192.168.1.24, server: , request: "GET /HNAP1/ HTTP/1.1", upstream: "fastcgi://localhost", host: "192.168.1.24"
2020/04/11 18:35:36 [error] 10092#7960: *34 "C:/IIS/up1/HNAP1/index.html" is not found (3: The system cannot find the path specified), client: 192.168.1.24, server: , request: "GET /HNAP1/ HTTP/1.1", host: "192.168.1.24"
2020/04/13 17:03:55 [error] 12012#11696: *1 CreateFile() "C:/IIS/up1/favicon.ico" failed (2: The system cannot find the file specified), client: 127.0.0.1, server: , request: "GET /favicon.ico HTTP/1.1", host: "localhost:8080", referrer: "http://localhost:8080/"
2020/04/13 17:04:03 [error] 12012#11696: *4 CreateFile() "C:/IIS/www/favicon.ico" failed (2: The system cannot find the file specified), client: 127.0.0.1, server: , request: "GET /favicon.ico HTTP/1.1", host: "localhost:9000", referrer: "http://localhost:9000/"
2020/04/13 18:12:23 [emerg] 12472#6028: unexpected "}" in C:\Program Files\nginx-1.16.1/conf/nginx.conf:49
2020/04/13 18:12:32 [emerg] 12872#12860: invalid URL prefix in C:\Program Files\nginx-1.16.1/conf/nginx.conf:48
2020/04/13 18:12:49 [emerg] 1876#11288: unexpected "}" in C:\Program Files\nginx-1.16.1/conf/nginx.conf:49
2020/04/13 18:12:54 [notice] 11280#2356: signal process started
2020/04/13 18:23:58 [error] 12352#2888: *7 directory index of "C:/IIS/" is forbidden, client: 127.0.0.1, server: , request: "GET / HTTP/1.1", host: "localhost:8080"
2020/04/13 18:24:02 [emerg] 6660#12852: unknown directive "location/" in C:\Program Files\nginx-1.16.1/conf/nginx.conf:33
2020/04/13 18:24:25 [notice] 8968#6492: signal process started
2020/04/13 18:24:30 [error] 13268#10528: *9 connect() failed (10061: No connection could be made because the target machine actively refused it) while connecting to upstream, client: 127.0.0.1, server: , request: "GET / HTTP/1.1", upstream: "http://[::1]:8000/", host: "localhost:8080"
2020/04/13 18:24:32 [error] 13268#10528: *9 connect() failed (10061: No connection could be made because the target machine actively refused it) while connecting to upstream, client: 127.0.0.1, server: , request: "GET / HTTP/1.1", upstream: "http://[::1]:9000/", host: "localhost:8080"
2020/04/13 18:25:04 [emerg] 7884#6240: invalid parameter "weight=0" in C:\Program Files\nginx-1.16.1/conf/nginx.conf:19
2020/04/13 19:42:48 [error] 13268#10528: *33 "C:/IIS/www/HNAP1/index.html" is not found (3: The system cannot find the path specified), client: 127.0.0.1, server: , request: "GET /HNAP1/ HTTP/1.0", host: "myapp1"
2020/04/13 20:51:31 [notice] 12784#1176: signal process started
2020/04/13 20:51:37 [error] 10456#10468: *34 connect() failed (10061: No connection could be made because the target machine actively refused it) while connecting to upstream, client: 127.0.0.1, server: , request: "GET / HTTP/1.1", upstream: "http://[::1]:8000/", host: "localhost:8080"
2020/04/13 20:51:56 [notice] 11512#12792: signal process started
2020/04/13 20:52:01 [error] 12976#9508: *55 connect() failed (10061: No connection could be made because the target machine actively refused it) while connecting to upstream, client: 127.0.0.1, server: , request: "GET / HTTP/1.1", upstream: "http://[::1]:9000/", host: "localhost:8080"
2020/04/13 20:52:14 [error] 12976#9508: *55 connect() failed (10061: No connection could be made because the target machine actively refused it) while connecting to upstream, client: 127.0.0.1, server: , request: "GET / HTTP/1.1", upstream: "http://[::1]:9000/", host: "localhost:8080"
2020/04/13 20:52:38 [notice] 12580#12180: signal process started
2020/04/13 20:52:44 [error] 7312#5364: *114 connect() failed (10061: No connection could be made because the target machine actively refused it) while connecting to upstream, client: 127.0.0.1, server: , request: "GET / HTTP/1.1", upstream: "http://[::1]:8000/", host: "localhost:8080"
2020/04/13 20:52:47 [error] 7312#5364: *114 connect() failed (10061: No connection could be made because the target machine actively refused it) while connecting to upstream, client: 127.0.0.1, server: , request: "GET / HTTP/1.1", upstream: "http://[::1]:9000/", host: "localhost:8080"
2020/04/17 19:44:14 [error] 11872#1332: *1 connect() failed (10061: No connection could be made because the target machine actively refused it) while connecting to upstream, client: 127.0.0.1, server: , request: "GET / HTTP/1.1", upstream: "http://[::1]:8000/", host: "localhost:8080"
2020/04/17 19:44:15 [error] 11872#1332: *4 CreateFile() "C:/IIS/www/favicon.ico" failed (2: The system cannot find the file specified), client: 127.0.0.1, server: , request: "GET /favicon.ico HTTP/1.1", host: "localhost:8000", referrer: "http://localhost:8000/"
2020/04/17 19:44:18 [error] 11872#1332: *9 CreateFile() "C:/IIS/www2/favicon.ico" failed (2: The system cannot find the file specified), client: 127.0.0.1, server: , request: "GET /favicon.ico HTTP/1.1", host: "localhost:9000", referrer: "http://localhost:9000/"
2020/04/17 19:44:35 [error] 11872#1332: *1 connect() failed (10061: No connection could be made because the target machine actively refused it) while connecting to upstream, client: 127.0.0.1, server: , request: "GET /favicon.ico HTTP/1.1", upstream: "http://[::1]:9000/favicon.ico", host: "localhost:8080", referrer: "http://localhost:8080/"
2020/04/17 19:44:35 [error] 11872#1332: *15 CreateFile() "C:/IIS/www2/favicon.ico" failed (2: The system cannot find the file specified), client: 127.0.0.1, server: , request: "GET /favicon.ico HTTP/1.0", host: "myapp1", referrer: "http://localhost:8080/"
2020/04/17 19:44:40 [error] 11872#1332: *1 connect() failed (10061: No connection could be made because the target machine actively refused it) while connecting to upstream, client: 127.0.0.1, server: , request: "GET / HTTP/1.1", upstream: "http://[::1]:8000/", host: "localhost:8080"
2020/04/17 19:44:51 [error] 11872#1332: *29 connect() failed (10061: No connection could be made because the target machine actively refused it) while connecting to upstream, client: 127.0.0.1, server: , request: "GET / HTTP/1.1", upstream: "http://[::1]:9000/", host: "localhost:8080"
2020/04/21 22:56:30 [error] 11428#8820: *1 connect() failed (10061: No connection could be made because the target machine actively refused it) while connecting to upstream, client: 127.0.0.1, server: , request: "GET / HTTP/1.1", upstream: "http://[::1]:8000/", host: "localhost:10000"
2020/04/21 22:56:31 [error] 11428#8820: *1 connect() failed (10061: No connection could be made because the target machine actively refused it) while connecting to upstream, client: 127.0.0.1, server: , request: "GET / HTTP/1.1", upstream: "http://127.0.0.1:8000/", host: "localhost:10000"
2020/04/21 22:56:32 [error] 11428#8820: *1 connect() failed (10061: No connection could be made because the target machine actively refused it) while connecting to upstream, client: 127.0.0.1, server: , request: "GET / HTTP/1.1", upstream: "http://[::1]:9000/", host: "localhost:10000"
2020/04/21 22:56:33 [error] 11428#8820: *1 connect() failed (10061: No connection could be made because the target machine actively refused it) while connecting to upstream, client: 127.0.0.1, server: , request: "GET / HTTP/1.1", upstream: "http://127.0.0.1:9000/", host: "localhost:10000"
2020/04/21 22:56:34 [error] 11428#8820: *1 no live upstreams while connecting to upstream, client: 127.0.0.1, server: , request: "GET /favicon.ico HTTP/1.1", upstream: "http://loadBalancer/favicon.ico", host: "localhost:10000", referrer: "http://localhost:10000/"
2020/04/21 22:56:48 [notice] 13408#12564: signal process started
2020/04/21 23:13:27 [error] 10488#5268: *23 connect() failed (10061: No connection could be made because the target machine actively refused it) while connecting to upstream, client: 127.0.0.1, server: , request: "GET /user/ HTTP/1.1", upstream: "http://127.0.0.1:8000/user/", host: "localhost:10000"
2020/04/21 23:13:28 [error] 10488#5268: *23 connect() failed (10061: No connection could be made because the target machine actively refused it) while connecting to upstream, client: 127.0.0.1, server: , request: "GET /user/ HTTP/1.1", upstream: "http://[::1]:8000/user/", host: "localhost:10000"
2020/04/21 23:13:29 [error] 10488#5268: *23 connect() failed (10061: No connection could be made because the target machine actively refused it) while connecting to upstream, client: 127.0.0.1, server: , request: "GET /user/ HTTP/1.1", upstream: "http://[::1]:9000/user/", host: "localhost:10000"
2020/04/21 23:13:30 [error] 10488#5268: *23 connect() failed (10061: No connection could be made because the target machine actively refused it) while connecting to upstream, client: 127.0.0.1, server: , request: "GET /user/ HTTP/1.1", upstream: "http://127.0.0.1:9000/user/", host: "localhost:10000"
2020/04/21 23:16:40 [error] 10488#5268: *31 connect() failed (10061: No connection could be made because the target machine actively refused it) while connecting to upstream, client: 127.0.0.1, server: , request: "GET /user/ HTTP/1.1", upstream: "http://[::1]:8000/user/", host: "localhost:10000"
2020/04/21 23:16:41 [error] 10488#5268: *31 connect() failed (10061: No connection could be made because the target machine actively refused it) while connecting to upstream, client: 127.0.0.1, server: , request: "GET /user/ HTTP/1.1", upstream: "http://127.0.0.1:8000/user/", host: "localhost:10000"
2020/04/21 23:17:08 [error] 10488#5268: *31 connect() failed (10061: No connection could be made because the target machine actively refused it) while connecting to upstream, client: 127.0.0.1, server: , request: "POST /user/ HTTP/1.1", upstream: "http://127.0.0.1:8000/user/", host: "localhost:10000"
2020/04/21 23:17:09 [error] 10488#5268: *31 connect() failed (10061: No connection could be made because the target machine actively refused it) while connecting to upstream, client: 127.0.0.1, server: , request: "POST /user/ HTTP/1.1", upstream: "http://[::1]:8000/user/", host: "localhost:10000"
2020/04/21 23:17:26 [error] 10488#5268: *31 connect() failed (10061: No connection could be made because the target machine actively refused it) while connecting to upstream, client: 127.0.0.1, server: , request: "POST /user HTTP/1.1", upstream: "http://127.0.0.1:8000/user", host: "localhost:10000"
2020/04/21 23:17:27 [error] 10488#5268: *31 connect() failed (10061: No connection could be made because the target machine actively refused it) while connecting to upstream, client: 127.0.0.1, server: , request: "POST /user HTTP/1.1", upstream: "http://[::1]:8000/user", host: "localhost:10000"
2020/04/21 23:19:12 [error] 10488#5268: *42 connect() failed (10061: No connection could be made because the target machine actively refused it) while connecting to upstream, client: 127.0.0.1, server: , request: "POST /user HTTP/1.1", upstream: "http://[::1]:8000/user", host: "localhost:10000"
2020/04/21 23:19:13 [error] 10488#5268: *42 connect() failed (10061: No connection could be made because the target machine actively refused it) while connecting to upstream, client: 127.0.0.1, server: , request: "POST /user HTTP/1.1", upstream: "http://127.0.0.1:8000/user", host: "localhost:10000"
2020/04/21 23:20:07 [error] 10488#5268: *42 connect() failed (10061: No connection could be made because the target machine actively refused it) while connecting to upstream, client: 127.0.0.1, server: , request: "GET /user HTTP/1.1", upstream: "http://127.0.0.1:8000/user", host: "localhost:10000"
2020/04/21 23:20:08 [error] 10488#5268: *42 connect() failed (10061: No connection could be made because the target machine actively refused it) while connecting to upstream, client: 127.0.0.1, server: , request: "GET /user HTTP/1.1", upstream: "http://[::1]:8000/user", host: "localhost:10000"
2020/04/21 23:26:43 [notice] 12616#3332: signal process started
2020/04/21 23:29:49 [error] 9732#6968: *52 connect() failed (10061: No connection could be made because the target machine actively refused it) while connecting to upstream, client: 127.0.0.1, server: , request: "POST /user HTTP/1.1", upstream: "http://[::1]:8000/user", host: "localhost:10000"
2020/04/21 23:29:50 [error] 9732#6968: *52 connect() failed (10061: No connection could be made because the target machine actively refused it) while connecting to upstream, client: 127.0.0.1, server: , request: "POST /user HTTP/1.1", upstream: "http://127.0.0.1:8000/user", host: "localhost:10000"
2020/04/21 23:35:37 [notice] 8948#9088: signal process started
2020/04/21 23:36:29 [error] 10868#13552: *58 connect() failed (10061: No connection could be made because the target machine actively refused it) while connecting to upstream, client: 127.0.0.1, server: , request: "POST /user HTTP/1.1", upstream: "http://[::1]:8000/user", host: "localhost:10000"
2020/04/21 23:36:30 [error] 10868#13552: *61 connect() failed (10061: No connection could be made because the target machine actively refused it) while connecting to upstream, client: 127.0.0.1, server: , request: "POST /user HTTP/1.0", upstream: "http://[::1]:8000/user", host: "localhost"
2020/04/21 23:36:31 [alert] 10868#13552: *1080 1024 worker_connections are not enough while connecting to upstream, client: 127.0.0.1, server: , request: "POST /user HTTP/1.0", upstream: "http://127.0.0.1:8000/user", host: "localhost:8000"
2020/04/21 23:43:33 [error] 10868#13552: *1087 connect() failed (10061: No connection could be made because the target machine actively refused it) while connecting to upstream, client: 127.0.0.1, server: , request: "POST /user HTTP/1.0", upstream: "http://[::1]:8000/user", host: "localhost:8000"
2020/04/21 23:43:33 [alert] 10868#13552: *2102 1024 worker_connections are not enough while connecting to upstream, client: 127.0.0.1, server: , request: "POST /user HTTP/1.0", upstream: "http://127.0.0.1:8000/user", host: "localhost:8000"
2020/04/21 23:43:55 [notice] 5244#11800: signal process started
2020/04/21 23:44:01 [error] 9952#6848: *2103 connect() failed (10061: No connection could be made because the target machine actively refused it) while connecting to upstream, client: 127.0.0.1, server: , request: "POST /user HTTP/1.1", upstream: "http://[::1]:8000/user", host: "localhost:10000"
2020/04/21 23:44:02 [error] 9952#6848: *2103 connect() failed (10061: No connection could be made because the target machine actively refused it) while connecting to upstream, client: 127.0.0.1, server: , request: "POST /user HTTP/1.1", upstream: "http://127.0.0.1:8000/user", host: "localhost:10000"
2020/04/21 23:45:51 [error] 9952#6848: *2107 connect() failed (10061: No connection could be made because the target machine actively refused it) while connecting to upstream, client: 127.0.0.1, server: , request: "GET /user HTTP/1.1", upstream: "http://[::1]:8000/user", host: "localhost:10000"
2020/04/21 23:45:52 [error] 9952#6848: *2107 connect() failed (10061: No connection could be made because the target machine actively refused it) while connecting to upstream, client: 127.0.0.1, server: , request: "GET /user HTTP/1.1", upstream: "http://127.0.0.1:8000/user", host: "localhost:10000"
2020/04/21 23:46:07 [error] 9952#6848: *2107 connect() failed (10061: No connection could be made because the target machine actively refused it) while connecting to upstream, client: 127.0.0.1, server: , request: "POST /user HTTP/1.1", upstream: "http://127.0.0.1:8000/user", host: "localhost:10000"
2020/04/21 23:46:08 [error] 9952#6848: *2107 connect() failed (10061: No connection could be made because the target machine actively refused it) while connecting to upstream, client: 127.0.0.1, server: , request: "POST /user HTTP/1.1", upstream: "http://[::1]:8000/user", host: "localhost:10000"
2020/04/22 00:24:38 [notice] 12748#3792: signal process started
2020/04/22 16:01:54 [notice] 8600#14612: signal process started
2020/04/22 16:01:54 [error] 8600#14612: OpenEvent("Global\ngx_reload_5880") failed (2: The system cannot find the file specified)
2020/04/22 16:02:09 [notice] 4364#11340: signal process started
2020/04/22 16:04:02 [notice] 14192#4228: signal process started
2020/04/22 16:08:23 [notice] 12456#15264: signal process started
2020/04/22 16:26:56 [notice] 7980#8476: signal process started
2020/04/22 16:36:33 [emerg] 13816#13988: unknown "connection_upgrade" variable
2020/04/22 16:38:27 [notice] 6952#10152: signal process started
2020/04/22 16:55:22 [notice] 11932#7612: signal process started
2020/04/22 17:07:32 [notice] 2648#14288: signal process started
2020/04/22 17:09:22 [notice] 7184#17780: signal process started
2020/04/22 17:14:06 [notice] 8608#10672: signal process started
2020/04/22 17:22:29 [emerg] 13632#16340: balancing method does not support parameter "backup" in C:\Users\smooth\Desktop\Chula knowledge\Year 3 Semester 2\Parallel\Parallel super project\Load Balancer\nginx-1.16.1/conf/nginx.conf:39
2020/04/22 17:36:11 [notice] 13472#16148: signal process started
2020/04/22 17:38:06 [notice] 17552#15392: signal process started
2020/04/22 17:56:14 [error] 5172#12796: *18 WSARecv() failed (10054: An existing connection was forcibly closed by the remote host) while proxying upgraded connection, client: 127.0.0.1, server: , request: "GET /socket.io/?EIO=3&transport=websocket&sid=VYF3FtWDDPXynhQ3AAAE HTTP/1.1", upstream: "http://127.0.0.1:10002/socket.io/?EIO=3&transport=websocket&sid=VYF3FtWDDPXynhQ3AAAE", host: "localhost:10001"
2020/04/22 17:56:16 [error] 5172#12796: *3 connect() failed (10061: No connection could be made because the target machine actively refused it) while connecting to upstream, client: 127.0.0.1, server: , request: "GET /socket.io/?EIO=3&transport=polling&t=N6XX_lK HTTP/1.1", upstream: "http://[::1]:10002/socket.io/?EIO=3&transport=polling&t=N6XX_lK", host: "localhost:10001"
2020/04/22 17:56:17 [error] 5172#12796: *3 connect() failed (10061: No connection could be made because the target machine actively refused it) while connecting to upstream, client: 127.0.0.1, server: , request: "GET /socket.io/?EIO=3&transport=polling&t=N6XX_lK HTTP/1.1", upstream: "http://127.0.0.1:10002/socket.io/?EIO=3&transport=polling&t=N6XX_lK", host: "localhost:10001"
2020/04/22 17:56:45 [error] 5172#12796: *25 WSARecv() failed (10054: An existing connection was forcibly closed by the remote host) while proxying upgraded connection, client: 127.0.0.1, server: , request: "GET /socket.io/?EIO=3&transport=websocket&sid=hxPJuGMAKwSyAn4AAAAA HTTP/1.1", upstream: "http://127.0.0.1:10003/socket.io/?EIO=3&transport=websocket&sid=hxPJuGMAKwSyAn4AAAAA", host: "localhost:10001"
2020/04/22 17:56:47 [error] 5172#12796: *3 connect() failed (10061: No connection could be made because the target machine actively refused it) while connecting to upstream, client: 127.0.0.1, server: , request: "GET /socket.io/?EIO=3&transport=polling&t=N6XY7IH HTTP/1.1", upstream: "http://127.0.0.1:10002/socket.io/?EIO=3&transport=polling&t=N6XY7IH", host: "localhost:10001"
2020/04/22 17:56:48 [error] 5172#12796: *3 connect() failed (10061: No connection could be made because the target machine actively refused it) while connecting to upstream, client: 127.0.0.1, server: , request: "GET /socket.io/?EIO=3&transport=polling&t=N6XY7IH HTTP/1.1", upstream: "http://[::1]:10002/socket.io/?EIO=3&transport=polling&t=N6XY7IH", host: "localhost:10001"
2020/04/22 17:56:49 [error] 5172#12796: *3 connect() failed (10061: No connection could be made because the target machine actively refused it) while connecting to upstream, client: 127.0.0.1, server: , request: "GET /socket.io/?EIO=3&transport=polling&t=N6XY7IH HTTP/1.1", upstream: "http://[::1]:10003/socket.io/?EIO=3&transport=polling&t=N6XY7IH", host: "localhost:10001"
2020/04/22 17:56:50 [error] 5172#12796: *3 connect() failed (10061: No connection could be made because the target machine actively refused it) while connecting to upstream, client: 127.0.0.1, server: , request: "GET /socket.io/?EIO=3&transport=polling&t=N6XY7IH HTTP/1.1", upstream: "http://127.0.0.1:10003/socket.io/?EIO=3&transport=polling&t=N6XY7IH", host: "localhost:10001"
2020/04/22 17:56:52 [error] 5172#12796: *3 no live upstreams while connecting to upstream, client: 127.0.0.1, server: , request: "GET /socket.io/?EIO=3&transport=polling&t=N6XY8gh HTTP/1.1", upstream: "http://socketBalancer/socket.io/?EIO=3&transport=polling&t=N6XY8gh", host: "localhost:10001"
2020/04/22 17:56:57 [error] 5172#12796: *3 no live upstreams while connecting to upstream, client: 127.0.0.1, server: , request: "GET /socket.io/?EIO=3&transport=polling&t=N6XY9va HTTP/1.1", upstream: "http://socketBalancer/socket.io/?EIO=3&transport=polling&t=N6XY9va", host: "localhost:10001"
2020/04/22 17:57:03 [error] 5172#12796: *3 connect() failed (10061: No connection could be made because the target machine actively refused it) while connecting to upstream, client: 127.0.0.1, server: , request: "GET /socket.io/?EIO=3&transport=polling&t=N6XYB8F HTTP/1.1", upstream: "http://127.0.0.1:10002/socket.io/?EIO=3&transport=polling&t=N6XYB8F", host: "localhost:10001"
2020/04/22 17:57:04 [error] 5172#12796: *3 connect() failed (10061: No connection could be made because the target machine actively refused it) while connecting to upstream, client: 127.0.0.1, server: , request: "GET /socket.io/?EIO=3&transport=polling&t=N6XYB8F HTTP/1.1", upstream: "http://[::1]:10002/socket.io/?EIO=3&transport=polling&t=N6XYB8F", host: "localhost:10001"
2020/04/22 17:57:05 [error] 5172#12796: *3 connect() failed (10061: No connection could be made because the target machine actively refused it) while connecting to upstream, client: 127.0.0.1, server: , request: "GET /socket.io/?EIO=3&transport=polling&t=N6XYB8F HTTP/1.1", upstream: "http://127.0.0.1:10003/socket.io/?EIO=3&transport=polling&t=N6XYB8F", host: "localhost:10001"
2020/04/22 17:57:06 [error] 5172#12796: *3 connect() failed (10061: No connection could be made because the target machine actively refused it) while connecting to upstream, client: 127.0.0.1, server: , request: "GET /socket.io/?EIO=3&transport=polling&t=N6XYB8F HTTP/1.1", upstream: "http://[::1]:10003/socket.io/?EIO=3&transport=polling&t=N6XYB8F", host: "localhost:10001"
2020/04/22 17:57:11 [error] 5172#12796: *3 no live upstreams while connecting to upstream, client: 127.0.0.1, server: , request: "GET /socket.io/?EIO=3&transport=polling&t=N6XYDMj HTTP/1.1", upstream: "http://socketBalancer/socket.io/?EIO=3&transport=polling&t=N6XYDMj", host: "localhost:10001"
2020/04/22 17:57:17 [error] 5172#12796: *3 connect() failed (10061: No connection could be made because the target machine actively refused it) while connecting to upstream, client: 127.0.0.1, server: , request: "GET /socket.io/?EIO=3&transport=polling&t=N6XYEbU HTTP/1.1", upstream: "http://127.0.0.1:10002/socket.io/?EIO=3&transport=polling&t=N6XYEbU", host: "localhost:10001"
2020/04/26 13:38:30 [emerg] 9656#2264: unexpected "}" in C:\Users\smooth\Desktop\Chula knowledge\Year 3 Semester 2\Parallel\Parallel super project\Load Balancer\nginx-1.16.1/conf/nginx.conf:48
2020/04/26 13:39:49 [emerg] 5580#8504: unexpected "}" in C:\Users\smooth\Desktop\Chula knowledge\Year 3 Semester 2\Parallel\Parallel super project\Load Balancer\nginx-1.16.1/conf/nginx.conf:48
2020/04/26 13:40:12 [notice] 7072#268: signal process started
2020/04/26 13:40:12 [error] 7072#268: OpenEvent("Global\ngx_reload_7748") failed (2: The system cannot find the file specified)
2020/04/26 13:41:14 [notice] 10052#2228: signal process started
2020/04/26 13:41:14 [error] 10052#2228: OpenEvent("Global\ngx_reload_7748") failed (2: The system cannot find the file specified)
2020/04/26 13:41:38 [notice] 7728#1268: signal process started
2020/04/26 13:41:38 [error] 7728#1268: OpenEvent("Global\ngx_reload_7748") failed (2: The system cannot find the file specified)
2020/04/26 13:42:25 [notice] 7276#9056: signal process started
2020/04/26 13:42:25 [error] 7276#9056: OpenEvent("Global\ngx_reload_7748") failed (2: The system cannot find the file specified)
2020/04/26 13:43:09 [notice] 6944#9564: signal process started
2020/04/26 13:43:09 [error] 6944#9564: OpenEvent("Global\ngx_reload_7748") failed (2: The system cannot find the file specified)
2020/04/26 13:44:40 [notice] 9840#808: signal process started
2020/04/26 13:44:40 [error] 9840#808: OpenEvent("Global\ngx_reload_7748") failed (2: The system cannot find the file specified)
2020/04/26 13:45:11 [notice] 9632#6616: signal process started
2020/04/26 13:45:11 [error] 9632#6616: OpenEvent("Global\ngx_reload_7748") failed (2: The system cannot find the file specified)
2020/04/26 13:46:55 [notice] 1616#8640: signal process started
2020/04/26 13:46:55 [error] 1616#8640: OpenEvent("Global\ngx_reload_7748") failed (2: The system cannot find the file specified)
2020/04/26 13:49:14 [notice] 12124#10768: signal process started
2020/04/26 13:49:16 [notice] 11044#7380: signal process started
2020/04/26 13:50:02 [notice] 7808#9416: signal process started
2020/04/26 16:23:13 [notice] 5908#984: signal process started
2020/04/27 16:40:00 [error] 8332#5772: *1 "C:/www/index.html" is not found (3: The system cannot find the path specified), client: 192.168.1.24, server: , request: "GET / HTTP/1.1", host: "192.168.1.24:8000"
